------------------------------------------------------------
Timing Analyzer Summary
------------------------------------------------------------

Type  : Slow 1200mV 85C Model Setup 'operador:opr|internal_count[0]'
Slack : -10.129
TNS   : -49.251

Type  : Slow 1200mV 85C Model Setup 'clk'
Slack : -4.780
TNS   : -229.425

Type  : Slow 1200mV 85C Model Setup 'pb0'
Slack : -4.267
TNS   : -17.960

Type  : Slow 1200mV 85C Model Setup 'Timing_Reference1:clock1hz|tmp'
Slack : -1.627
TNS   : -13.107

Type  : Slow 1200mV 85C Model Hold 'clk'
Slack : -0.698
TNS   : -1.396

Type  : Slow 1200mV 85C Model Hold 'pb0'
Slack : 0.348
TNS   : 0.000

Type  : Slow 1200mV 85C Model Hold 'Timing_Reference1:clock1hz|tmp'
Slack : 0.897
TNS   : 0.000

Type  : Slow 1200mV 85C Model Hold 'operador:opr|internal_count[0]'
Slack : 1.363
TNS   : 0.000

Type  : Slow 1200mV 85C Model Recovery 'pb0'
Slack : -0.523
TNS   : -2.092

Type  : Slow 1200mV 85C Model Removal 'pb0'
Slack : 0.905
TNS   : 0.000

Type  : Slow 1200mV 85C Model Minimum Pulse Width 'clk'
Slack : -3.000
TNS   : -144.703

Type  : Slow 1200mV 85C Model Minimum Pulse Width 'pb0'
Slack : -3.000
TNS   : -24.045

Type  : Slow 1200mV 85C Model Minimum Pulse Width 'Timing_Reference1:clock1hz|tmp'
Slack : -1.403
TNS   : -12.627

Type  : Slow 1200mV 85C Model Minimum Pulse Width 'operador:opr|internal_count[0]'
Slack : 0.410
TNS   : 0.000

Type  : Slow 1200mV 0C Model Setup 'operador:opr|internal_count[0]'
Slack : -9.435
TNS   : -45.839

Type  : Slow 1200mV 0C Model Setup 'clk'
Slack : -4.361
TNS   : -198.062

Type  : Slow 1200mV 0C Model Setup 'pb0'
Slack : -3.814
TNS   : -15.677

Type  : Slow 1200mV 0C Model Setup 'Timing_Reference1:clock1hz|tmp'
Slack : -1.378
TNS   : -11.122

Type  : Slow 1200mV 0C Model Hold 'clk'
Slack : -0.561
TNS   : -1.122

Type  : Slow 1200mV 0C Model Hold 'pb0'
Slack : 0.312
TNS   : 0.000

Type  : Slow 1200mV 0C Model Hold 'Timing_Reference1:clock1hz|tmp'
Slack : 0.828
TNS   : 0.000

Type  : Slow 1200mV 0C Model Hold 'operador:opr|internal_count[0]'
Slack : 1.237
TNS   : 0.000

Type  : Slow 1200mV 0C Model Recovery 'pb0'
Slack : -0.437
TNS   : -1.748

Type  : Slow 1200mV 0C Model Removal 'pb0'
Slack : 0.853
TNS   : 0.000

Type  : Slow 1200mV 0C Model Minimum Pulse Width 'clk'
Slack : -3.000
TNS   : -144.703

Type  : Slow 1200mV 0C Model Minimum Pulse Width 'pb0'
Slack : -3.000
TNS   : -24.045

Type  : Slow 1200mV 0C Model Minimum Pulse Width 'Timing_Reference1:clock1hz|tmp'
Slack : -1.403
TNS   : -12.627

Type  : Slow 1200mV 0C Model Minimum Pulse Width 'operador:opr|internal_count[0]'
Slack : 0.373
TNS   : 0.000

Type  : Fast 1200mV 0C Model Setup 'operador:opr|internal_count[0]'
Slack : -4.267
TNS   : -20.833

Type  : Fast 1200mV 0C Model Setup 'pb0'
Slack : -1.562
TNS   : -4.517

Type  : Fast 1200mV 0C Model Setup 'clk'
Slack : -1.557
TNS   : -39.651

Type  : Fast 1200mV 0C Model Setup 'Timing_Reference1:clock1hz|tmp'
Slack : -0.138
TNS   : -0.565

Type  : Fast 1200mV 0C Model Hold 'clk'
Slack : 0.065
TNS   : 0.000

Type  : Fast 1200mV 0C Model Hold 'pb0'
Slack : 0.152
TNS   : 0.000

Type  : Fast 1200mV 0C Model Hold 'operador:opr|internal_count[0]'
Slack : 0.328
TNS   : 0.000

Type  : Fast 1200mV 0C Model Hold 'Timing_Reference1:clock1hz|tmp'
Slack : 0.344
TNS   : 0.000

Type  : Fast 1200mV 0C Model Recovery 'pb0'
Slack : 0.273
TNS   : 0.000

Type  : Fast 1200mV 0C Model Removal 'pb0'
Slack : 0.404
TNS   : 0.000

Type  : Fast 1200mV 0C Model Minimum Pulse Width 'clk'
Slack : -3.000
TNS   : -107.860

Type  : Fast 1200mV 0C Model Minimum Pulse Width 'pb0'
Slack : -3.000
TNS   : -19.744

Type  : Fast 1200mV 0C Model Minimum Pulse Width 'Timing_Reference1:clock1hz|tmp'
Slack : -1.000
TNS   : -9.000

Type  : Fast 1200mV 0C Model Minimum Pulse Width 'operador:opr|internal_count[0]'
Slack : 0.390
TNS   : 0.000

------------------------------------------------------------
